MPLINK 4.49, Linker
Linker Map File - Created Wed Sep 13 18:25:13 2023

                                 Section Info
                  Section       Type    Address   Location Size(Bytes)
                ---------  ---------  ---------  ---------  ---------
                   .org_0       code   0x000000    program   0x000000
                   .org_1       code   0x000000    program   0x0000c0
     .config_2007_PRAC1.O       code   0x002007    program   0x000002
     .config_2008_PRAC1.O       code   0x002008    program   0x000002



                              Program Memory Usage 
                               Start         End      
                           ---------   ---------      
                            0x000000    0x00005f      
                            0x002007    0x002008      
            98 out of 8455 program addresses used, program memory utilization is 1%



                              Symbols - Sorted by Name
                     Name    Address   Location    Storage File                     
                ---------  ---------  ---------  --------- ---------                
                BUCLEMULT   0x000040    program     static D:\dtrej\Documents\Escuela\Micros\PROGRAMAS\PRAC1.ASM
                  DECMULT   0x000039    program     static D:\dtrej\Documents\Escuela\Micros\PROGRAMAS\PRAC1.ASM
                      DIV   0x000043    program     static D:\dtrej\Documents\Escuela\Micros\PROGRAMAS\PRAC1.ASM
                     DIVA   0x000055    program     static D:\dtrej\Documents\Escuela\Micros\PROGRAMAS\PRAC1.ASM
                   INICIO   0x00000d    program     static D:\dtrej\Documents\Escuela\Micros\PROGRAMAS\PRAC1.ASM
                    MULTI   0x000027    program     static D:\dtrej\Documents\Escuela\Micros\PROGRAMAS\PRAC1.ASM
               MULTIBUCLE   0x000035    program     static D:\dtrej\Documents\Escuela\Micros\PROGRAMAS\PRAC1.ASM
                   PUSHES   0x000012    program     static D:\dtrej\Documents\Escuela\Micros\PROGRAMAS\PRAC1.ASM
                    RESTA   0x00001f    program     static D:\dtrej\Documents\Escuela\Micros\PROGRAMAS\PRAC1.ASM
                SALIDADIV   0x00005d    program     static D:\dtrej\Documents\Escuela\Micros\PROGRAMAS\PRAC1.ASM
                     SUMA   0x000019    program     static D:\dtrej\Documents\Escuela\Micros\PROGRAMAS\PRAC1.ASM
                    TESTB   0x00002e    program     static D:\dtrej\Documents\Escuela\Micros\PROGRAMAS\PRAC1.ASM
                 TESTDIVB   0x00004e    program     static D:\dtrej\Documents\Escuela\Micros\PROGRAMAS\PRAC1.ASM



                              Symbols - Sorted by Address
                     Name    Address   Location    Storage File                     
                ---------  ---------  ---------  --------- ---------                
                   INICIO   0x00000d    program     static D:\dtrej\Documents\Escuela\Micros\PROGRAMAS\PRAC1.ASM
                   PUSHES   0x000012    program     static D:\dtrej\Documents\Escuela\Micros\PROGRAMAS\PRAC1.ASM
                     SUMA   0x000019    program     static D:\dtrej\Documents\Escuela\Micros\PROGRAMAS\PRAC1.ASM
                    RESTA   0x00001f    program     static D:\dtrej\Documents\Escuela\Micros\PROGRAMAS\PRAC1.ASM
                    MULTI   0x000027    program     static D:\dtrej\Documents\Escuela\Micros\PROGRAMAS\PRAC1.ASM
                    TESTB   0x00002e    program     static D:\dtrej\Documents\Escuela\Micros\PROGRAMAS\PRAC1.ASM
               MULTIBUCLE   0x000035    program     static D:\dtrej\Documents\Escuela\Micros\PROGRAMAS\PRAC1.ASM
                  DECMULT   0x000039    program     static D:\dtrej\Documents\Escuela\Micros\PROGRAMAS\PRAC1.ASM
                BUCLEMULT   0x000040    program     static D:\dtrej\Documents\Escuela\Micros\PROGRAMAS\PRAC1.ASM
                      DIV   0x000043    program     static D:\dtrej\Documents\Escuela\Micros\PROGRAMAS\PRAC1.ASM
                 TESTDIVB   0x00004e    program     static D:\dtrej\Documents\Escuela\Micros\PROGRAMAS\PRAC1.ASM
                     DIVA   0x000055    program     static D:\dtrej\Documents\Escuela\Micros\PROGRAMAS\PRAC1.ASM
                SALIDADIV   0x00005d    program     static D:\dtrej\Documents\Escuela\Micros\PROGRAMAS\PRAC1.ASM


