MPLINK 4.49, Linker
Linker Map File - Created Sun Sep 17 14:49:28 2023

                                 Section Info
                  Section       Type    Address   Location Size(Bytes)
                ---------  ---------  ---------  ---------  ---------
                   .org_0       code   0x000000    program   0x000000
                   .org_1       code   0x000000    program   0x0000fc
       .config_2007_PWM.O       code   0x002007    program   0x000002
       .config_2008_PWM.O       code   0x002008    program   0x000002



                              Program Memory Usage 
                               Start         End      
                           ---------   ---------      
                            0x000000    0x00007d      
                            0x002007    0x002008      
            128 out of 8455 program addresses used, program memory utilization is 1%



                              Symbols - Sorted by Name
                     Name    Address   Location    Storage File                     
                ---------  ---------  ---------  --------- ---------                
                  DECRE2V   0x00005e    program     static D:\dtrej\Documents\Escuela\Micros\PROGRAMAS\VIDEOS\SUBRUTINAS\SUBRUTINASDETIEMPO.ASM
                  DECRE3V   0x00006b    program     static D:\dtrej\Documents\Escuela\Micros\PROGRAMAS\VIDEOS\SUBRUTINAS\SUBRUTINASDETIEMPO.ASM
                   INICIO   0x00000d    program     static D:\dtrej\Documents\Escuela\Micros\PROGRAMAS\VIDEOS\74-76\PWM.ASM
                    PWM20   0x000020    program     static D:\dtrej\Documents\Escuela\Micros\PROGRAMAS\VIDEOS\74-76\PWM.ASM
                     PWM5   0x00000e    program     static D:\dtrej\Documents\Escuela\Micros\PROGRAMAS\VIDEOS\74-76\PWM.ASM
                    PWM50   0x00002f    program     static D:\dtrej\Documents\Escuela\Micros\PROGRAMAS\VIDEOS\74-76\PWM.ASM
                    PWM80   0x00003d    program     static D:\dtrej\Documents\Escuela\Micros\PROGRAMAS\VIDEOS\74-76\PWM.ASM
                RECARGA3V   0x000069    program     static D:\dtrej\Documents\Escuela\Micros\PROGRAMAS\VIDEOS\SUBRUTINAS\SUBRUTINASDETIEMPO.ASM
                     ST1V   0x000055    program     static D:\dtrej\Documents\Escuela\Micros\PROGRAMAS\VIDEOS\SUBRUTINAS\SUBRUTINASDETIEMPO.ASM
                     ST2V   0x00005c    program     static D:\dtrej\Documents\Escuela\Micros\PROGRAMAS\VIDEOS\SUBRUTINAS\SUBRUTINASDETIEMPO.ASM
                     ST3V   0x000067    program     static D:\dtrej\Documents\Escuela\Micros\PROGRAMAS\VIDEOS\SUBRUTINAS\SUBRUTINASDETIEMPO.ASM
                    T25MS   0x000076    program     static D:\dtrej\Documents\Escuela\Micros\PROGRAMAS\VIDEOS\74-76\PWM.ASM
                  TESTPE0   0x00004e    program     static D:\dtrej\Documents\Escuela\Micros\PROGRAMAS\VIDEOS\74-76\PWM.ASM



                              Symbols - Sorted by Address
                     Name    Address   Location    Storage File                     
                ---------  ---------  ---------  --------- ---------                
                   INICIO   0x00000d    program     static D:\dtrej\Documents\Escuela\Micros\PROGRAMAS\VIDEOS\74-76\PWM.ASM
                     PWM5   0x00000e    program     static D:\dtrej\Documents\Escuela\Micros\PROGRAMAS\VIDEOS\74-76\PWM.ASM
                    PWM20   0x000020    program     static D:\dtrej\Documents\Escuela\Micros\PROGRAMAS\VIDEOS\74-76\PWM.ASM
                    PWM50   0x00002f    program     static D:\dtrej\Documents\Escuela\Micros\PROGRAMAS\VIDEOS\74-76\PWM.ASM
                    PWM80   0x00003d    program     static D:\dtrej\Documents\Escuela\Micros\PROGRAMAS\VIDEOS\74-76\PWM.ASM
                  TESTPE0   0x00004e    program     static D:\dtrej\Documents\Escuela\Micros\PROGRAMAS\VIDEOS\74-76\PWM.ASM
                     ST1V   0x000055    program     static D:\dtrej\Documents\Escuela\Micros\PROGRAMAS\VIDEOS\SUBRUTINAS\SUBRUTINASDETIEMPO.ASM
                     ST2V   0x00005c    program     static D:\dtrej\Documents\Escuela\Micros\PROGRAMAS\VIDEOS\SUBRUTINAS\SUBRUTINASDETIEMPO.ASM
                  DECRE2V   0x00005e    program     static D:\dtrej\Documents\Escuela\Micros\PROGRAMAS\VIDEOS\SUBRUTINAS\SUBRUTINASDETIEMPO.ASM
                     ST3V   0x000067    program     static D:\dtrej\Documents\Escuela\Micros\PROGRAMAS\VIDEOS\SUBRUTINAS\SUBRUTINASDETIEMPO.ASM
                RECARGA3V   0x000069    program     static D:\dtrej\Documents\Escuela\Micros\PROGRAMAS\VIDEOS\SUBRUTINAS\SUBRUTINASDETIEMPO.ASM
                  DECRE3V   0x00006b    program     static D:\dtrej\Documents\Escuela\Micros\PROGRAMAS\VIDEOS\SUBRUTINAS\SUBRUTINASDETIEMPO.ASM
                    T25MS   0x000076    program     static D:\dtrej\Documents\Escuela\Micros\PROGRAMAS\VIDEOS\74-76\PWM.ASM


