MPLINK 4.49, Linker
Linker Map File - Created Sun Sep 17 15:52:55 2023

                                 Section Info
                  Section       Type    Address   Location Size(Bytes)
                ---------  ---------  ---------  ---------  ---------
                   .org_0       code   0x000000    program   0x000000
                   .org_1       code   0x000000    program   0x00007c
    .config_2007_SONIDO.O       code   0x002007    program   0x000002
    .config_2008_SONIDO.O       code   0x002008    program   0x000002



                              Program Memory Usage 
                               Start         End      
                           ---------   ---------      
                            0x000000    0x00003d      
                            0x002007    0x002008      
            64 out of 8455 program addresses used, program memory utilization is 0%



                              Symbols - Sorted by Name
                     Name    Address   Location    Storage File                     
                ---------  ---------  ---------  --------- ---------                
                  DECRE2V   0x000026    program     static D:\dtrej\Documents\Escuela\Micros\PROGRAMAS\VIDEOS\SUBRUTINAS\SUBRUTINASDETIEMPO.ASM
                  DECRE3V   0x000033    program     static D:\dtrej\Documents\Escuela\Micros\PROGRAMAS\VIDEOS\SUBRUTINAS\SUBRUTINASDETIEMPO.ASM
                   INICIO   0x00000c    program     static D:\dtrej\Documents\Escuela\Micros\PROGRAMAS\VIDEOS\74-76\SONIDO.ASM
                RECARGA3V   0x000031    program     static D:\dtrej\Documents\Escuela\Micros\PROGRAMAS\VIDEOS\SUBRUTINAS\SUBRUTINASDETIEMPO.ASM
                     ST1V   0x00001d    program     static D:\dtrej\Documents\Escuela\Micros\PROGRAMAS\VIDEOS\SUBRUTINAS\SUBRUTINASDETIEMPO.ASM
                     ST2V   0x000024    program     static D:\dtrej\Documents\Escuela\Micros\PROGRAMAS\VIDEOS\SUBRUTINAS\SUBRUTINASDETIEMPO.ASM
                     ST3V   0x00002f    program     static D:\dtrej\Documents\Escuela\Micros\PROGRAMAS\VIDEOS\SUBRUTINAS\SUBRUTINASDETIEMPO.ASM



                              Symbols - Sorted by Address
                     Name    Address   Location    Storage File                     
                ---------  ---------  ---------  --------- ---------                
                   INICIO   0x00000c    program     static D:\dtrej\Documents\Escuela\Micros\PROGRAMAS\VIDEOS\74-76\SONIDO.ASM
                     ST1V   0x00001d    program     static D:\dtrej\Documents\Escuela\Micros\PROGRAMAS\VIDEOS\SUBRUTINAS\SUBRUTINASDETIEMPO.ASM
                     ST2V   0x000024    program     static D:\dtrej\Documents\Escuela\Micros\PROGRAMAS\VIDEOS\SUBRUTINAS\SUBRUTINASDETIEMPO.ASM
                  DECRE2V   0x000026    program     static D:\dtrej\Documents\Escuela\Micros\PROGRAMAS\VIDEOS\SUBRUTINAS\SUBRUTINASDETIEMPO.ASM
                     ST3V   0x00002f    program     static D:\dtrej\Documents\Escuela\Micros\PROGRAMAS\VIDEOS\SUBRUTINAS\SUBRUTINASDETIEMPO.ASM
                RECARGA3V   0x000031    program     static D:\dtrej\Documents\Escuela\Micros\PROGRAMAS\VIDEOS\SUBRUTINAS\SUBRUTINASDETIEMPO.ASM
                  DECRE3V   0x000033    program     static D:\dtrej\Documents\Escuela\Micros\PROGRAMAS\VIDEOS\SUBRUTINAS\SUBRUTINASDETIEMPO.ASM


