MPLINK 4.49, Linker
Linker Map File - Created Mon Sep 25 20:36:57 2023

                                 Section Info
                  Section       Type    Address   Location Size(Bytes)
                ---------  ---------  ---------  ---------  ---------
                   .org_0       code   0x000000    program   0x000000
                   .org_1       code   0x000000    program   0x000100
     .config_2007_SERVO.O       code   0x002007    program   0x000002
     .config_2008_SERVO.O       code   0x002008    program   0x000002



                              Program Memory Usage 
                               Start         End      
                           ---------   ---------      
                            0x000000    0x00007f      
                            0x002007    0x002008      
            130 out of 8455 program addresses used, program memory utilization is 1%



                              Symbols - Sorted by Name
                     Name    Address   Location    Storage File                     
                ---------  ---------  ---------  --------- ---------                
                  DECRE2V   0x000060    program     static D:\dtrej\Documents\Escuela\Micros\PROGRAMAS\VIDEOS\SUBRUTINAS\SUBRUTINASDETIEMPO.ASM
                  DECRE3V   0x00006d    program     static D:\dtrej\Documents\Escuela\Micros\PROGRAMAS\VIDEOS\SUBRUTINAS\SUBRUTINASDETIEMPO.ASM
                     G135   0x00003f    program     static D:\dtrej\Documents\Escuela\Micros\PROGRAMAS\PRAC2\PRUEBAS INDIVIDUALES\SERVO.ASM
                      G45   0x000015    program     static D:\dtrej\Documents\Escuela\Micros\PROGRAMAS\PRAC2\PRUEBAS INDIVIDUALES\SERVO.ASM
                      G90   0x000028    program     static D:\dtrej\Documents\Escuela\Micros\PROGRAMAS\PRAC2\PRUEBAS INDIVIDUALES\SERVO.ASM
                    GD135   0x000045    program     static D:\dtrej\Documents\Escuela\Micros\PROGRAMAS\PRAC2\PRUEBAS INDIVIDUALES\SERVO.ASM
                     GD45   0x00001b    program     static D:\dtrej\Documents\Escuela\Micros\PROGRAMAS\PRAC2\PRUEBAS INDIVIDUALES\SERVO.ASM
                     GD90   0x00002e    program     static D:\dtrej\Documents\Escuela\Micros\PROGRAMAS\PRAC2\PRUEBAS INDIVIDUALES\SERVO.ASM
                   PUSHES   0x00000e    program     static D:\dtrej\Documents\Escuela\Micros\PROGRAMAS\PRAC2\PRUEBAS INDIVIDUALES\SERVO.ASM
                RECARGA3V   0x00006b    program     static D:\dtrej\Documents\Escuela\Micros\PROGRAMAS\VIDEOS\SUBRUTINAS\SUBRUTINASDETIEMPO.ASM
                     ST1V   0x000057    program     static D:\dtrej\Documents\Escuela\Micros\PROGRAMAS\VIDEOS\SUBRUTINAS\SUBRUTINASDETIEMPO.ASM
                     ST2V   0x00005e    program     static D:\dtrej\Documents\Escuela\Micros\PROGRAMAS\VIDEOS\SUBRUTINAS\SUBRUTINASDETIEMPO.ASM
                     ST3V   0x000069    program     static D:\dtrej\Documents\Escuela\Micros\PROGRAMAS\VIDEOS\SUBRUTINAS\SUBRUTINASDETIEMPO.ASM
                    T25MS   0x000078    program     static D:\dtrej\Documents\Escuela\Micros\PROGRAMAS\PRAC2\PRUEBAS INDIVIDUALES\SERVO.ASM



                              Symbols - Sorted by Address
                     Name    Address   Location    Storage File                     
                ---------  ---------  ---------  --------- ---------                
                   PUSHES   0x00000e    program     static D:\dtrej\Documents\Escuela\Micros\PROGRAMAS\PRAC2\PRUEBAS INDIVIDUALES\SERVO.ASM
                      G45   0x000015    program     static D:\dtrej\Documents\Escuela\Micros\PROGRAMAS\PRAC2\PRUEBAS INDIVIDUALES\SERVO.ASM
                     GD45   0x00001b    program     static D:\dtrej\Documents\Escuela\Micros\PROGRAMAS\PRAC2\PRUEBAS INDIVIDUALES\SERVO.ASM
                      G90   0x000028    program     static D:\dtrej\Documents\Escuela\Micros\PROGRAMAS\PRAC2\PRUEBAS INDIVIDUALES\SERVO.ASM
                     GD90   0x00002e    program     static D:\dtrej\Documents\Escuela\Micros\PROGRAMAS\PRAC2\PRUEBAS INDIVIDUALES\SERVO.ASM
                     G135   0x00003f    program     static D:\dtrej\Documents\Escuela\Micros\PROGRAMAS\PRAC2\PRUEBAS INDIVIDUALES\SERVO.ASM
                    GD135   0x000045    program     static D:\dtrej\Documents\Escuela\Micros\PROGRAMAS\PRAC2\PRUEBAS INDIVIDUALES\SERVO.ASM
                     ST1V   0x000057    program     static D:\dtrej\Documents\Escuela\Micros\PROGRAMAS\VIDEOS\SUBRUTINAS\SUBRUTINASDETIEMPO.ASM
                     ST2V   0x00005e    program     static D:\dtrej\Documents\Escuela\Micros\PROGRAMAS\VIDEOS\SUBRUTINAS\SUBRUTINASDETIEMPO.ASM
                  DECRE2V   0x000060    program     static D:\dtrej\Documents\Escuela\Micros\PROGRAMAS\VIDEOS\SUBRUTINAS\SUBRUTINASDETIEMPO.ASM
                     ST3V   0x000069    program     static D:\dtrej\Documents\Escuela\Micros\PROGRAMAS\VIDEOS\SUBRUTINAS\SUBRUTINASDETIEMPO.ASM
                RECARGA3V   0x00006b    program     static D:\dtrej\Documents\Escuela\Micros\PROGRAMAS\VIDEOS\SUBRUTINAS\SUBRUTINASDETIEMPO.ASM
                  DECRE3V   0x00006d    program     static D:\dtrej\Documents\Escuela\Micros\PROGRAMAS\VIDEOS\SUBRUTINAS\SUBRUTINASDETIEMPO.ASM
                    T25MS   0x000078    program     static D:\dtrej\Documents\Escuela\Micros\PROGRAMAS\PRAC2\PRUEBAS INDIVIDUALES\SERVO.ASM


